// Jest Snapshot v1, https://goo.gl/fbAQLP

exports[`idraw_zyh context 1`] = `
Array [
  Object {
    "props": Object {
      "height": 1600,
      "width": 2400,
      "x": 0,
      "y": 0,
    },
    "transform": Array [
      1,
      0,
      0,
      1,
      0,
      0,
    ],
    "type": "clearRect",
  },
  Object {
    "props": Object {
      "path": Array [
        Object {
          "props": Object {},
          "transform": Array [
            1,
            0,
            0,
            1,
            0,
            0,
          ],
          "type": "beginPath",
        },
        Object {
          "props": Object {
            "x": 120,
            "y": 20,
          },
          "transform": Array [
            1,
            0,
            0,
            1,
            0,
            0,
          ],
          "type": "moveTo",
        },
        Object {
          "props": Object {
            "cpx1": 860,
            "cpx2": 860,
            "cpy1": 20,
            "cpy2": 460,
            "radius": 100,
          },
          "transform": Array [
            1,
            0,
            0,
            1,
            0,
            0,
          ],
          "type": "arcTo",
        },
        Object {
          "props": Object {
            "cpx1": 860,
            "cpx2": 20,
            "cpy1": 460,
            "cpy2": 460,
            "radius": 100,
          },
          "transform": Array [
            1,
            0,
            0,
            1,
            0,
            0,
          ],
          "type": "arcTo",
        },
        Object {
          "props": Object {
            "cpx1": 20,
            "cpx2": 20,
            "cpy1": 460,
            "cpy2": 20,
            "radius": 100,
          },
          "transform": Array [
            1,
            0,
            0,
            1,
            0,
            0,
          ],
          "type": "arcTo",
        },
        Object {
          "props": Object {
            "cpx1": 20,
            "cpx2": 860,
            "cpy1": 20,
            "cpy2": 20,
            "radius": 100,
          },
          "transform": Array [
            1,
            0,
            0,
            1,
            0,
            0,
          ],
          "type": "arcTo",
        },
        Object {
          "props": Object {},
          "transform": Array [
            1,
            0,
            0,
            1,
            0,
            0,
          ],
          "type": "closePath",
        },
      ],
    },
    "transform": Array [
      1,
      0,
      0,
      1,
      0,
      0,
    ],
    "type": "stroke",
  },
  Object {
    "props": Object {
      "fillRule": "nonzero",
      "path": Array [
        Object {
          "props": Object {},
          "transform": Array [
            1,
            0,
            0,
            1,
            0,
            0,
          ],
          "type": "beginPath",
        },
        Object {
          "props": Object {
            "x": 120,
            "y": 40,
          },
          "transform": Array [
            1,
            0,
            0,
            1,
            0,
            0,
          ],
          "type": "moveTo",
        },
        Object {
          "props": Object {
            "cpx1": 840,
            "cpx2": 840,
            "cpy1": 40,
            "cpy2": 440,
            "radius": 80,
          },
          "transform": Array [
            1,
            0,
            0,
            1,
            0,
            0,
          ],
          "type": "arcTo",
        },
        Object {
          "props": Object {
            "cpx1": 840,
            "cpx2": 40,
            "cpy1": 440,
            "cpy2": 440,
            "radius": 80,
          },
          "transform": Array [
            1,
            0,
            0,
            1,
            0,
            0,
          ],
          "type": "arcTo",
        },
        Object {
          "props": Object {
            "cpx1": 40,
            "cpx2": 40,
            "cpy1": 440,
            "cpy2": 40,
            "radius": 80,
          },
          "transform": Array [
            1,
            0,
            0,
            1,
            0,
            0,
          ],
          "type": "arcTo",
        },
        Object {
          "props": Object {
            "cpx1": 40,
            "cpx2": 840,
            "cpy1": 40,
            "cpy2": 40,
            "radius": 80,
          },
          "transform": Array [
            1,
            0,
            0,
            1,
            0,
            0,
          ],
          "type": "arcTo",
        },
        Object {
          "props": Object {},
          "transform": Array [
            1,
            0,
            0,
            1,
            0,
            0,
          ],
          "type": "closePath",
        },
      ],
    },
    "transform": Array [
      1,
      0,
      0,
      1,
      0,
      0,
    ],
    "type": "fill",
  },
  Object {
    "props": Object {
      "path": Array [
        Object {
          "props": Object {},
          "transform": Array [
            1,
            0,
            0,
            1,
            0,
            0,
          ],
          "type": "beginPath",
        },
        Object {
          "props": Object {
            "x": 560,
            "y": 316,
          },
          "transform": Array [
            1,
            0,
            0,
            1,
            0,
            0,
          ],
          "type": "moveTo",
        },
        Object {
          "props": Object {
            "cpx1": 1124,
            "cpx2": 1124,
            "cpy1": 316,
            "cpy2": 804,
            "radius": 244,
          },
          "transform": Array [
            1,
            0,
            0,
            1,
            0,
            0,
          ],
          "type": "arcTo",
        },
        Object {
          "props": Object {
            "cpx1": 1124,
            "cpx2": 316,
            "cpy1": 804,
            "cpy2": 804,
            "radius": 244,
          },
          "transform": Array [
            1,
            0,
            0,
            1,
            0,
            0,
          ],
          "type": "arcTo",
        },
        Object {
          "props": Object {
            "cpx1": 316,
            "cpx2": 316,
            "cpy1": 804,
            "cpy2": 316,
            "radius": 244,
          },
          "transform": Array [
            1,
            0,
            0,
            1,
            0,
            0,
          ],
          "type": "arcTo",
        },
        Object {
          "props": Object {
            "cpx1": 316,
            "cpx2": 1124,
            "cpy1": 316,
            "cpy2": 316,
            "radius": 244,
          },
          "transform": Array [
            1,
            0,
            0,
            1,
            0,
            0,
          ],
          "type": "arcTo",
        },
        Object {
          "props": Object {},
          "transform": Array [
            1,
            0,
            0,
            1,
            0,
            0,
          ],
          "type": "closePath",
        },
      ],
    },
    "transform": Array [
      1,
      0,
      0,
      1,
      0,
      0,
    ],
    "type": "stroke",
  },
  Object {
    "props": Object {
      "fillRule": "nonzero",
      "path": Array [
        Object {
          "props": Object {},
          "transform": Array [
            1,
            0,
            0,
            1,
            0,
            0,
          ],
          "type": "beginPath",
        },
        Object {
          "props": Object {
            "x": 560,
            "y": 320,
          },
          "transform": Array [
            1,
            0,
            0,
            1,
            0,
            0,
          ],
          "type": "moveTo",
        },
        Object {
          "props": Object {
            "cpx1": 1120,
            "cpx2": 1120,
            "cpy1": 320,
            "cpy2": 800,
            "radius": 240,
          },
          "transform": Array [
            1,
            0,
            0,
            1,
            0,
            0,
          ],
          "type": "arcTo",
        },
        Object {
          "props": Object {
            "cpx1": 1120,
            "cpx2": 320,
            "cpy1": 800,
            "cpy2": 800,
            "radius": 240,
          },
          "transform": Array [
            1,
            0,
            0,
            1,
            0,
            0,
          ],
          "type": "arcTo",
        },
        Object {
          "props": Object {
            "cpx1": 320,
            "cpx2": 320,
            "cpy1": 800,
            "cpy2": 320,
            "radius": 240,
          },
          "transform": Array [
            1,
            0,
            0,
            1,
            0,
            0,
          ],
          "type": "arcTo",
        },
        Object {
          "props": Object {
            "cpx1": 320,
            "cpx2": 1120,
            "cpy1": 320,
            "cpy2": 320,
            "radius": 240,
          },
          "transform": Array [
            1,
            0,
            0,
            1,
            0,
            0,
          ],
          "type": "arcTo",
        },
        Object {
          "props": Object {},
          "transform": Array [
            1,
            0,
            0,
            1,
            0,
            0,
          ],
          "type": "closePath",
        },
      ],
    },
    "transform": Array [
      1,
      0,
      0,
      1,
      0,
      0,
    ],
    "type": "fill",
  },
  Object {
    "props": Object {
      "maxWidth": null,
      "text": "Hello Text",
      "x": 715,
      "y": 520,
    },
    "transform": Array [
      1,
      0,
      0,
      1,
      0,
      0,
    ],
    "type": "fillText",
  },
]
`;

exports[`idraw_zyh context 2`] = `
Array [
  Object {
    "props": Object {
      "height": 1600,
      "width": 2400,
      "x": 0,
      "y": 0,
    },
    "transform": Array [
      1,
      0,
      0,
      1,
      0,
      0,
    ],
    "type": "clearRect",
  },
  Object {
    "props": Object {
      "height": 1600,
      "width": 2400,
      "x": 0,
      "y": 0,
    },
    "transform": Array [
      1,
      0,
      0,
      1,
      0,
      0,
    ],
    "type": "clearRect",
  },
  Object {
    "props": Object {
      "dHeight": 1600,
      "dWidth": 2400,
      "dx": 0,
      "dy": 0,
      "img": <canvas
        height="1600"
        width="2400"
      />,
      "sHeight": 1600,
      "sWidth": 2400,
      "sx": 0,
      "sy": 0,
    },
    "transform": Array [
      1,
      0,
      0,
      1,
      0,
      0,
    ],
    "type": "drawImage",
  },
  Object {
    "props": Object {
      "dHeight": 1600,
      "dWidth": 2400,
      "dx": 0,
      "dy": 0,
      "img": <canvas
        height="1600"
        width="2400"
      />,
      "sHeight": 1600,
      "sWidth": 2400,
      "sx": 0,
      "sy": 0,
    },
    "transform": Array [
      1,
      0,
      0,
      1,
      0,
      0,
    ],
    "type": "drawImage",
  },
]
`;

exports[`idraw_zyh undo/redo 1`] = `
Array [
  Object {
    "props": Object {
      "height": 1600,
      "width": 2400,
      "x": 0,
      "y": 0,
    },
    "transform": Array [
      1,
      0,
      0,
      1,
      0,
      0,
    ],
    "type": "clearRect",
  },
  Object {
    "props": Object {
      "path": Array [
        Object {
          "props": Object {},
          "transform": Array [
            1,
            0,
            0,
            1,
            0,
            0,
          ],
          "type": "beginPath",
        },
        Object {
          "props": Object {
            "x": 120,
            "y": 20,
          },
          "transform": Array [
            1,
            0,
            0,
            1,
            0,
            0,
          ],
          "type": "moveTo",
        },
        Object {
          "props": Object {
            "cpx1": 860,
            "cpx2": 860,
            "cpy1": 20,
            "cpy2": 460,
            "radius": 100,
          },
          "transform": Array [
            1,
            0,
            0,
            1,
            0,
            0,
          ],
          "type": "arcTo",
        },
        Object {
          "props": Object {
            "cpx1": 860,
            "cpx2": 20,
            "cpy1": 460,
            "cpy2": 460,
            "radius": 100,
          },
          "transform": Array [
            1,
            0,
            0,
            1,
            0,
            0,
          ],
          "type": "arcTo",
        },
        Object {
          "props": Object {
            "cpx1": 20,
            "cpx2": 20,
            "cpy1": 460,
            "cpy2": 20,
            "radius": 100,
          },
          "transform": Array [
            1,
            0,
            0,
            1,
            0,
            0,
          ],
          "type": "arcTo",
        },
        Object {
          "props": Object {
            "cpx1": 20,
            "cpx2": 860,
            "cpy1": 20,
            "cpy2": 20,
            "radius": 100,
          },
          "transform": Array [
            1,
            0,
            0,
            1,
            0,
            0,
          ],
          "type": "arcTo",
        },
        Object {
          "props": Object {},
          "transform": Array [
            1,
            0,
            0,
            1,
            0,
            0,
          ],
          "type": "closePath",
        },
      ],
    },
    "transform": Array [
      1,
      0,
      0,
      1,
      0,
      0,
    ],
    "type": "stroke",
  },
  Object {
    "props": Object {
      "fillRule": "nonzero",
      "path": Array [
        Object {
          "props": Object {},
          "transform": Array [
            1,
            0,
            0,
            1,
            0,
            0,
          ],
          "type": "beginPath",
        },
        Object {
          "props": Object {
            "x": 120,
            "y": 40,
          },
          "transform": Array [
            1,
            0,
            0,
            1,
            0,
            0,
          ],
          "type": "moveTo",
        },
        Object {
          "props": Object {
            "cpx1": 840,
            "cpx2": 840,
            "cpy1": 40,
            "cpy2": 440,
            "radius": 80,
          },
          "transform": Array [
            1,
            0,
            0,
            1,
            0,
            0,
          ],
          "type": "arcTo",
        },
        Object {
          "props": Object {
            "cpx1": 840,
            "cpx2": 40,
            "cpy1": 440,
            "cpy2": 440,
            "radius": 80,
          },
          "transform": Array [
            1,
            0,
            0,
            1,
            0,
            0,
          ],
          "type": "arcTo",
        },
        Object {
          "props": Object {
            "cpx1": 40,
            "cpx2": 40,
            "cpy1": 440,
            "cpy2": 40,
            "radius": 80,
          },
          "transform": Array [
            1,
            0,
            0,
            1,
            0,
            0,
          ],
          "type": "arcTo",
        },
        Object {
          "props": Object {
            "cpx1": 40,
            "cpx2": 840,
            "cpy1": 40,
            "cpy2": 40,
            "radius": 80,
          },
          "transform": Array [
            1,
            0,
            0,
            1,
            0,
            0,
          ],
          "type": "arcTo",
        },
        Object {
          "props": Object {},
          "transform": Array [
            1,
            0,
            0,
            1,
            0,
            0,
          ],
          "type": "closePath",
        },
      ],
    },
    "transform": Array [
      1,
      0,
      0,
      1,
      0,
      0,
    ],
    "type": "fill",
  },
  Object {
    "props": Object {
      "path": Array [
        Object {
          "props": Object {},
          "transform": Array [
            1,
            0,
            0,
            1,
            0,
            0,
          ],
          "type": "beginPath",
        },
        Object {
          "props": Object {
            "x": 560,
            "y": 316,
          },
          "transform": Array [
            1,
            0,
            0,
            1,
            0,
            0,
          ],
          "type": "moveTo",
        },
        Object {
          "props": Object {
            "cpx1": 1124,
            "cpx2": 1124,
            "cpy1": 316,
            "cpy2": 804,
            "radius": 244,
          },
          "transform": Array [
            1,
            0,
            0,
            1,
            0,
            0,
          ],
          "type": "arcTo",
        },
        Object {
          "props": Object {
            "cpx1": 1124,
            "cpx2": 316,
            "cpy1": 804,
            "cpy2": 804,
            "radius": 244,
          },
          "transform": Array [
            1,
            0,
            0,
            1,
            0,
            0,
          ],
          "type": "arcTo",
        },
        Object {
          "props": Object {
            "cpx1": 316,
            "cpx2": 316,
            "cpy1": 804,
            "cpy2": 316,
            "radius": 244,
          },
          "transform": Array [
            1,
            0,
            0,
            1,
            0,
            0,
          ],
          "type": "arcTo",
        },
        Object {
          "props": Object {
            "cpx1": 316,
            "cpx2": 1124,
            "cpy1": 316,
            "cpy2": 316,
            "radius": 244,
          },
          "transform": Array [
            1,
            0,
            0,
            1,
            0,
            0,
          ],
          "type": "arcTo",
        },
        Object {
          "props": Object {},
          "transform": Array [
            1,
            0,
            0,
            1,
            0,
            0,
          ],
          "type": "closePath",
        },
      ],
    },
    "transform": Array [
      1,
      0,
      0,
      1,
      0,
      0,
    ],
    "type": "stroke",
  },
  Object {
    "props": Object {
      "fillRule": "nonzero",
      "path": Array [
        Object {
          "props": Object {},
          "transform": Array [
            1,
            0,
            0,
            1,
            0,
            0,
          ],
          "type": "beginPath",
        },
        Object {
          "props": Object {
            "x": 560,
            "y": 320,
          },
          "transform": Array [
            1,
            0,
            0,
            1,
            0,
            0,
          ],
          "type": "moveTo",
        },
        Object {
          "props": Object {
            "cpx1": 1120,
            "cpx2": 1120,
            "cpy1": 320,
            "cpy2": 800,
            "radius": 240,
          },
          "transform": Array [
            1,
            0,
            0,
            1,
            0,
            0,
          ],
          "type": "arcTo",
        },
        Object {
          "props": Object {
            "cpx1": 1120,
            "cpx2": 320,
            "cpy1": 800,
            "cpy2": 800,
            "radius": 240,
          },
          "transform": Array [
            1,
            0,
            0,
            1,
            0,
            0,
          ],
          "type": "arcTo",
        },
        Object {
          "props": Object {
            "cpx1": 320,
            "cpx2": 320,
            "cpy1": 800,
            "cpy2": 320,
            "radius": 240,
          },
          "transform": Array [
            1,
            0,
            0,
            1,
            0,
            0,
          ],
          "type": "arcTo",
        },
        Object {
          "props": Object {
            "cpx1": 320,
            "cpx2": 1120,
            "cpy1": 320,
            "cpy2": 320,
            "radius": 240,
          },
          "transform": Array [
            1,
            0,
            0,
            1,
            0,
            0,
          ],
          "type": "arcTo",
        },
        Object {
          "props": Object {},
          "transform": Array [
            1,
            0,
            0,
            1,
            0,
            0,
          ],
          "type": "closePath",
        },
      ],
    },
    "transform": Array [
      1,
      0,
      0,
      1,
      0,
      0,
    ],
    "type": "fill",
  },
  Object {
    "props": Object {
      "maxWidth": null,
      "text": "Hello Text",
      "x": 715,
      "y": 520,
    },
    "transform": Array [
      1,
      0,
      0,
      1,
      0,
      0,
    ],
    "type": "fillText",
  },
]
`;

exports[`idraw_zyh undo/redo 2`] = `
Array [
  Object {
    "props": Object {
      "height": 1600,
      "width": 2400,
      "x": 0,
      "y": 0,
    },
    "transform": Array [
      1,
      0,
      0,
      1,
      0,
      0,
    ],
    "type": "clearRect",
  },
  Object {
    "props": Object {
      "height": 1600,
      "width": 2400,
      "x": 0,
      "y": 0,
    },
    "transform": Array [
      1,
      0,
      0,
      1,
      0,
      0,
    ],
    "type": "clearRect",
  },
  Object {
    "props": Object {
      "dHeight": 1600,
      "dWidth": 2400,
      "dx": 0,
      "dy": 0,
      "img": <canvas
        height="1600"
        width="2400"
      />,
      "sHeight": 1600,
      "sWidth": 2400,
      "sx": 0,
      "sy": 0,
    },
    "transform": Array [
      1,
      0,
      0,
      1,
      0,
      0,
    ],
    "type": "drawImage",
  },
  Object {
    "props": Object {
      "dHeight": 1600,
      "dWidth": 2400,
      "dx": 0,
      "dy": 0,
      "img": <canvas
        height="1600"
        width="2400"
      />,
      "sHeight": 1600,
      "sWidth": 2400,
      "sx": 0,
      "sy": 0,
    },
    "transform": Array [
      1,
      0,
      0,
      1,
      0,
      0,
    ],
    "type": "drawImage",
  },
]
`;
