// Jest Snapshot v1, https://goo.gl/fbAQLP

exports[`@idraw/board context 1`] = `
[
  {
    "props": {
      "height": 1600,
      "width": 2400,
      "x": 0,
      "y": 0,
    },
    "transform": [
      1,
      0,
      0,
      1,
      0,
      0,
    ],
    "type": "clearRect",
  },
  {
    "props": {
      "height": 1600,
      "width": 2400,
      "x": 0,
      "y": 0,
    },
    "transform": [
      1,
      0,
      0,
      1,
      0,
      0,
    ],
    "type": "fillRect",
  },
  {
    "props": {
      "height": 480,
      "width": 800,
      "x": 40,
      "y": 40,
    },
    "transform": [
      1,
      0,
      0,
      1,
      0,
      0,
    ],
    "type": "fillRect",
  },
  {
    "props": {
      "height": 480,
      "width": 800,
      "x": 320,
      "y": 320,
    },
    "transform": [
      1,
      0,
      0,
      1,
      0,
      0,
    ],
    "type": "fillRect",
  },
  {
    "props": {
      "height": 480,
      "width": 800,
      "x": 640,
      "y": 640,
    },
    "transform": [
      1,
      0,
      0,
      1,
      0,
      0,
    ],
    "type": "fillRect",
  },
  {
    "props": {
      "height": 400,
      "width": 800,
      "x": 1560,
      "y": 1160,
    },
    "transform": [
      1,
      0,
      0,
      1,
      0,
      0,
    ],
    "type": "fillRect",
  },
]
`;

exports[`@idraw/board context 2`] = `
[
  {
    "props": {
      "height": 1600,
      "width": 2400,
      "x": 0,
      "y": 0,
    },
    "transform": [
      1,
      0,
      0,
      1,
      0,
      0,
    ],
    "type": "clearRect",
  },
  {
    "props": {
      "height": 1600,
      "width": 2400,
      "x": 0,
      "y": 0,
    },
    "transform": [
      1,
      0,
      0,
      1,
      0,
      0,
    ],
    "type": "clearRect",
  },
  {
    "props": {
      "dHeight": 3600,
      "dWidth": 4000,
      "dx": 0,
      "dy": 0,
      "img": <canvas
        height="3600"
        width="4000"
      />,
      "sHeight": 3600,
      "sWidth": 4000,
      "sx": 0,
      "sy": 0,
    },
    "transform": [
      1,
      0,
      0,
      1,
      0,
      0,
    ],
    "type": "drawImage",
  },
  {
    "props": {
      "dHeight": 3600,
      "dWidth": 4000,
      "dx": 0,
      "dy": 0,
      "img": <canvas
        height="3600"
        width="4000"
      />,
      "sHeight": 3600,
      "sWidth": 4000,
      "sx": 0,
      "sy": 0,
    },
    "transform": [
      1,
      0,
      0,
      1,
      0,
      0,
    ],
    "type": "drawImage",
  },
]
`;
