// Jest Snapshot v1, https://goo.gl/fbAQLP

exports[`@idraw/board scroll 1`] = `
[
  {
    "props": {
      "height": 1600,
      "width": 2400,
      "x": 0,
      "y": 0,
    },
    "transform": [
      1,
      0,
      0,
      1,
      0,
      0,
    ],
    "type": "clearRect",
  },
  {
    "props": {
      "height": 1600,
      "width": 2400,
      "x": 0,
      "y": 0,
    },
    "transform": [
      1,
      0,
      0,
      1,
      0,
      0,
    ],
    "type": "fillRect",
  },
  {
    "props": {
      "height": 480,
      "width": 800,
      "x": 40,
      "y": 40,
    },
    "transform": [
      1,
      0,
      0,
      1,
      0,
      0,
    ],
    "type": "fillRect",
  },
  {
    "props": {
      "height": 480,
      "width": 800,
      "x": 320,
      "y": 320,
    },
    "transform": [
      1,
      0,
      0,
      1,
      0,
      0,
    ],
    "type": "fillRect",
  },
  {
    "props": {
      "height": 480,
      "width": 800,
      "x": 640,
      "y": 640,
    },
    "transform": [
      1,
      0,
      0,
      1,
      0,
      0,
    ],
    "type": "fillRect",
  },
  {
    "props": {
      "height": 400,
      "width": 800,
      "x": 1560,
      "y": 1160,
    },
    "transform": [
      1,
      0,
      0,
      1,
      0,
      0,
    ],
    "type": "fillRect",
  },
]
`;

exports[`@idraw/board scroll 2`] = `
[
  {
    "props": {
      "height": 1600,
      "width": 2400,
      "x": 0,
      "y": 0,
    },
    "transform": [
      1,
      0,
      0,
      1,
      0,
      0,
    ],
    "type": "clearRect",
  },
  {
    "props": {
      "height": 1600,
      "width": 2400,
      "x": 0,
      "y": 0,
    },
    "transform": [
      1,
      0,
      0,
      1,
      0,
      0,
    ],
    "type": "clearRect",
  },
  {
    "props": {
      "dHeight": 1600,
      "dWidth": 2400,
      "dx": -2400,
      "dy": -1600,
      "img": <canvas
        height="1600"
        width="2400"
      />,
      "sHeight": 1600,
      "sWidth": 2400,
      "sx": 0,
      "sy": 0,
    },
    "transform": [
      1,
      0,
      0,
      1,
      0,
      0,
    ],
    "type": "drawImage",
  },
  {
    "props": {
      "dHeight": 1600,
      "dWidth": 2400,
      "dx": -2400,
      "dy": -1600,
      "img": <canvas
        height="1600"
        width="2400"
      />,
      "sHeight": 1600,
      "sWidth": 2400,
      "sx": 0,
      "sy": 0,
    },
    "transform": [
      1,
      0,
      0,
      1,
      0,
      0,
    ],
    "type": "drawImage",
  },
  {
    "props": {
      "height": 80,
      "width": 2400,
      "x": 0,
      "y": 1520,
    },
    "transform": [
      1,
      0,
      0,
      1,
      0,
      0,
    ],
    "type": "fillRect",
  },
  {
    "props": {
      "fillRule": "nonzero",
      "path": [
        {
          "props": {},
          "transform": [
            1,
            0,
            0,
            1,
            0,
            0,
          ],
          "type": "beginPath",
        },
        {
          "props": {
            "x": 2220,
            "y": 1541,
          },
          "transform": [
            1,
            0,
            0,
            1,
            0,
            0,
          ],
          "type": "moveTo",
        },
        {
          "props": {
            "cpx1": 2400,
            "cpx2": 2400,
            "cpy1": 1541,
            "cpy2": 1581,
            "radius": 20,
          },
          "transform": [
            1,
            0,
            0,
            1,
            0,
            0,
          ],
          "type": "arcTo",
        },
        {
          "props": {
            "cpx1": 2400,
            "cpx2": 2200,
            "cpy1": 1581,
            "cpy2": 1581,
            "radius": 20,
          },
          "transform": [
            1,
            0,
            0,
            1,
            0,
            0,
          ],
          "type": "arcTo",
        },
        {
          "props": {
            "cpx1": 2200,
            "cpx2": 2200,
            "cpy1": 1581,
            "cpy2": 1541,
            "radius": 20,
          },
          "transform": [
            1,
            0,
            0,
            1,
            0,
            0,
          ],
          "type": "arcTo",
        },
        {
          "props": {
            "cpx1": 2200,
            "cpx2": 2400,
            "cpy1": 1541,
            "cpy2": 1541,
            "radius": 20,
          },
          "transform": [
            1,
            0,
            0,
            1,
            0,
            0,
          ],
          "type": "arcTo",
        },
        {
          "props": {},
          "transform": [
            1,
            0,
            0,
            1,
            0,
            0,
          ],
          "type": "closePath",
        },
      ],
    },
    "transform": [
      1,
      0,
      0,
      1,
      0,
      0,
    ],
    "type": "fill",
  },
  {
    "props": {
      "path": [
        {
          "props": {},
          "transform": [
            1,
            0,
            0,
            1,
            0,
            0,
          ],
          "type": "beginPath",
        },
        {
          "props": {
            "x": 2220,
            "y": 1541,
          },
          "transform": [
            1,
            0,
            0,
            1,
            0,
            0,
          ],
          "type": "moveTo",
        },
        {
          "props": {
            "cpx1": 2400,
            "cpx2": 2400,
            "cpy1": 1541,
            "cpy2": 1581,
            "radius": 20,
          },
          "transform": [
            1,
            0,
            0,
            1,
            0,
            0,
          ],
          "type": "arcTo",
        },
        {
          "props": {
            "cpx1": 2400,
            "cpx2": 2200,
            "cpy1": 1581,
            "cpy2": 1581,
            "radius": 20,
          },
          "transform": [
            1,
            0,
            0,
            1,
            0,
            0,
          ],
          "type": "arcTo",
        },
        {
          "props": {
            "cpx1": 2200,
            "cpx2": 2200,
            "cpy1": 1581,
            "cpy2": 1541,
            "radius": 20,
          },
          "transform": [
            1,
            0,
            0,
            1,
            0,
            0,
          ],
          "type": "arcTo",
        },
        {
          "props": {
            "cpx1": 2200,
            "cpx2": 2400,
            "cpy1": 1541,
            "cpy2": 1541,
            "radius": 20,
          },
          "transform": [
            1,
            0,
            0,
            1,
            0,
            0,
          ],
          "type": "arcTo",
        },
        {
          "props": {},
          "transform": [
            1,
            0,
            0,
            1,
            0,
            0,
          ],
          "type": "closePath",
        },
      ],
    },
    "transform": [
      1,
      0,
      0,
      1,
      0,
      0,
    ],
    "type": "stroke",
  },
  {
    "props": {
      "height": 1600,
      "width": 80,
      "x": 2320,
      "y": 0,
    },
    "transform": [
      1,
      0,
      0,
      1,
      0,
      0,
    ],
    "type": "fillRect",
  },
  {
    "props": {
      "fillRule": "nonzero",
      "path": [
        {
          "props": {},
          "transform": [
            1,
            0,
            0,
            1,
            0,
            0,
          ],
          "type": "beginPath",
        },
        {
          "props": {
            "x": 2361,
            "y": 1400,
          },
          "transform": [
            1,
            0,
            0,
            1,
            0,
            0,
          ],
          "type": "moveTo",
        },
        {
          "props": {
            "cpx1": 2381,
            "cpx2": 2381,
            "cpy1": 1400,
            "cpy2": 1600,
            "radius": 20,
          },
          "transform": [
            1,
            0,
            0,
            1,
            0,
            0,
          ],
          "type": "arcTo",
        },
        {
          "props": {
            "cpx1": 2381,
            "cpx2": 2341,
            "cpy1": 1600,
            "cpy2": 1600,
            "radius": 20,
          },
          "transform": [
            1,
            0,
            0,
            1,
            0,
            0,
          ],
          "type": "arcTo",
        },
        {
          "props": {
            "cpx1": 2341,
            "cpx2": 2341,
            "cpy1": 1600,
            "cpy2": 1400,
            "radius": 20,
          },
          "transform": [
            1,
            0,
            0,
            1,
            0,
            0,
          ],
          "type": "arcTo",
        },
        {
          "props": {
            "cpx1": 2341,
            "cpx2": 2381,
            "cpy1": 1400,
            "cpy2": 1400,
            "radius": 20,
          },
          "transform": [
            1,
            0,
            0,
            1,
            0,
            0,
          ],
          "type": "arcTo",
        },
        {
          "props": {},
          "transform": [
            1,
            0,
            0,
            1,
            0,
            0,
          ],
          "type": "closePath",
        },
      ],
    },
    "transform": [
      1,
      0,
      0,
      1,
      0,
      0,
    ],
    "type": "fill",
  },
  {
    "props": {
      "path": [
        {
          "props": {},
          "transform": [
            1,
            0,
            0,
            1,
            0,
            0,
          ],
          "type": "beginPath",
        },
        {
          "props": {
            "x": 2361,
            "y": 1400,
          },
          "transform": [
            1,
            0,
            0,
            1,
            0,
            0,
          ],
          "type": "moveTo",
        },
        {
          "props": {
            "cpx1": 2381,
            "cpx2": 2381,
            "cpy1": 1400,
            "cpy2": 1600,
            "radius": 20,
          },
          "transform": [
            1,
            0,
            0,
            1,
            0,
            0,
          ],
          "type": "arcTo",
        },
        {
          "props": {
            "cpx1": 2381,
            "cpx2": 2341,
            "cpy1": 1600,
            "cpy2": 1600,
            "radius": 20,
          },
          "transform": [
            1,
            0,
            0,
            1,
            0,
            0,
          ],
          "type": "arcTo",
        },
        {
          "props": {
            "cpx1": 2341,
            "cpx2": 2341,
            "cpy1": 1600,
            "cpy2": 1400,
            "radius": 20,
          },
          "transform": [
            1,
            0,
            0,
            1,
            0,
            0,
          ],
          "type": "arcTo",
        },
        {
          "props": {
            "cpx1": 2341,
            "cpx2": 2381,
            "cpy1": 1400,
            "cpy2": 1400,
            "radius": 20,
          },
          "transform": [
            1,
            0,
            0,
            1,
            0,
            0,
          ],
          "type": "arcTo",
        },
        {
          "props": {},
          "transform": [
            1,
            0,
            0,
            1,
            0,
            0,
          ],
          "type": "closePath",
        },
      ],
    },
    "transform": [
      1,
      0,
      0,
      1,
      0,
      0,
    ],
    "type": "stroke",
  },
]
`;
