// Jest Snapshot v1, https://goo.gl/fbAQLP

exports[`@idraw/util: lib/file downloadImageFromCanvas 1`] = `<canvas />`;
